# serializer version: 1
# name: test_tika[pdf-test-de.pdf]
  dict({
    'content': '''
      Überschrift!
      
      Dieses Dokument wird nur zu Testzwecken benutzt.
      
      Als Open Source (aus englisch open source, wörtlich offene Quelle) 
      wird Software bezeichnet, deren Quelltext öffentlich ist und von Dritten eingesehen, 
      geändert und genutzt werden kann. Open-Source-Software kann unter Einhaltung der 
      Lizenzbedingungen kostenfrei genutzt und verteilt werden.
      
      Software kann sowohl von Einzelpersonen aus altruistischen Motiven zu Open-Source-
      Software gemacht werden als auch von Organisationen oder Unternehmen, 
      um Entwicklungskosten zu teilen oder Marktanteile zu gewinnen. 
      Befähigte Endbenutzer können die Software nach eigenen Bedürfnissen anpassen und 
      eventuell als Abspaltung veröffentlichen, als auch mit „Pull Requests“ Verbesserungen 
      beitragen.
      
      https://de.wikipedia.org/wiki/Englische_Sprache
      https://de.wikipedia.org/wiki/Pull_Request
      https://de.wikipedia.org/wiki/Abspaltung_(Softwareentwicklung)
      https://de.wikipedia.org/wiki/Endbenutzer
      https://de.wikipedia.org/wiki/Marktanteil
      https://de.wikipedia.org/wiki/Entwicklungskosten
      https://de.wikipedia.org/wiki/Altruistisch
      https://de.wikipedia.org/wiki/Kostenfreies_Programm
      https://de.wikipedia.org/wiki/Quelltext
      https://de.wikipedia.org/wiki/Software
    ''',
    'language': 'de',
  })
# ---
# name: test_tika[pdf-test-en.pdf]
  dict({
    'content': '''
      Sample Scanned Image
      
      
      Sticky Note from Paperless
      This is a sample page scanned at 200dpi and converted to PDF. It is not searchable. That is, all you see is the original image of the source document.
      
      No.
      
      THE SLEREXE COMPANY LIMITED
      
      SAPORS LANE - BOOLE - DORSET - BH 25 8 ER
      TELEPHONE BOOLE (945 13) 51617 - TELEX 123456
      
      Our Ref. 350/PJC/EAC 18th January, 1972.
      
      Dr. P.N. Cundall,
      Mining Surveys Ltd.,
      Holroyd Road,
      Reading,
      
      Berks.
      
      Dear Pete,
      
      Permit me to introduce you to the facility of facsimile
      transmission.
      
      In facsimile a photocell is caused to perform a raster scan over
      the subject copy. The variations of print density on the document
      
      cause the photocell to generate an analogous electrical video signal.
      
      This signal is used to modulate a carrier, which is transmitted to a
      remote destination over a radio or cable communications link.
      
      At the remote terminal, demodulation reconstructs the video
      signal, which is used to modulate the density of print produced by a
      printing device. This device is scanning in a raster scan synchronised
      with that at the transmitting terminal. As a result, a facsimile
      copy of the subject document is produced.
      
      Probably you have uses for this facility in your organisation.
      
      Yours sincerely,
      
      THA.
      P.J. CROSS
      Group Leader - Facsimile Research
      
      Registered in England: No. 2038
      Registered Office: 60 Vicara Lane, Ilford. Eseex.
      
      
      
      	Print
      	Exit
    ''',
    'language': 'en',
  })
# ---
